../Core/Src/main.c:78:5:main	8	static
../Core/Src/main.c:139:6:SystemClock_Config	72	static
../Core/Src/main.c:175:6:BTDecode	272	static
../Core/Src/main.c:230:6:Decode	16	static
../Core/Src/main.c:238:6:HAL_UART_RxCpltCallback	16	static
../Core/Src/main.c:246:6:Bluetooth_Init	8	static
../Core/Src/main.c:299:6:Display	96	static
../Core/Src/main.c:350:6:HAL_TIM_PeriodElapsedCallback	16	static
../Core/Src/main.c:411:6:HAL_GPIO_EXTI_Callback	24	static
../Core/Src/main.c:495:6:Error_Handler	4	static,ignoring_inline_asm
